2025-10-01 13:32:33,168 - AEGIS-X.ProfessionalVulnEngine - INFO - 🔥 Professional Vulnerability Engine initialized with advanced capabilities
2025-10-01 13:32:33,168 - AEGIS-X.ProfessionalEvidenceCollector - INFO - 📸 Professional Evidence Collector initialized
2025-10-01 13:32:33,168 - AEGIS-X.ProfessionalReportEngine - INFO - 📝 Professional Report Engine initialized
2025-10-01 13:32:33,168 - AEGIS-X.AdvancedVerificationSystem - INFO - 🔬 Advanced Verification System initialized
2025-10-01 13:32:33,169 - AEGIS-X.IntelligenceEngine - INFO - 🕵️ Intelligence Engine initialized with comprehensive OSINT capabilities
2025-10-01 13:32:33,169 - AEGIS-X.LearningEngine - INFO - 🧠 Learning Engine initialized with adaptive intelligence
2025-10-01 13:32:33,169 - AEGIS-X.ProfessionalMaster - INFO - 🚀 AEGIS-X Professional Master System initialized
2025-10-01 13:32:33,169 - AEGIS-X.ProfessionalMaster - INFO - 🎯 Ready for professional-grade security assessments
2025-10-01 13:32:33,169 - AEGIS-X.ProfessionalMaster - INFO - 🔥 Starting AEGIS-X Professional Security Assessment
2025-10-01 13:32:33,169 - AEGIS-X.ProfessionalMaster - INFO - 📋 Session ID: professional_hunt_1759325553
2025-10-01 13:32:33,169 - AEGIS-X.ProfessionalMaster - INFO - 🎯 Phase 1: Target Classification and Intelligence Gathering
2025-10-01 13:32:33,169 - AEGIS-X.ProfessionalMaster - INFO - 🎯 Processing target 5: youngplatform.com
2025-10-01 13:32:33,169 - AEGIS-X.Classifier - INFO - 🔍 Classifying target: youngplatform.com
2025-10-01 13:32:33,171 - AEGIS-X.Classifier - INFO - 📝 Target classified as: WEB
2025-10-01 13:32:33,171 - AEGIS-X.Classifier - INFO - 🎯 Confidence: 0.80
2025-10-01 13:32:33,171 - AEGIS-X.Classifier - INFO - 💭 Reasoning: Matched pattern: Domain name
2025-10-01 13:32:33,171 - AEGIS-X.IntelligenceEngine - INFO - 🔍 Analyzing target intelligence: youngplatform.com
2025-10-01 13:32:33,404 - httpx - INFO - HTTP Request: GET https://youngplatform.com "HTTP/1.1 200 OK"
2025-10-01 13:32:33,594 - httpx - INFO - HTTP Request: GET https://youngplatform.com/robots.txt "HTTP/1.1 200 OK"
2025-10-01 13:32:33,771 - httpx - INFO - HTTP Request: GET https://youngplatform.com/sitemap.xml "HTTP/1.1 200 OK"
2025-10-01 13:32:34,614 - httpx - INFO - HTTP Request: GET https://youngplatform.com "HTTP/1.1 200 OK"
2025-10-01 13:32:34,910 - AEGIS-X.IntelligenceEngine - INFO - ✅ Intelligence analysis completed - Confidence: 1.00
2025-10-01 13:32:34,910 - AEGIS-X.ProfessionalMaster - INFO - ✅ Target classified: youngplatform.com -> web
2025-10-01 13:32:34,910 - AEGIS-X.ProfessionalMaster - INFO - 🎯 Processing target 8: *.youngplatform.com
2025-10-01 13:32:34,910 - AEGIS-X.Classifier - INFO - 🔍 Classifying target: *.youngplatform.com
2025-10-01 13:32:34,910 - AEGIS-X.Classifier - INFO - 📝 Target classified as: WEB
2025-10-01 13:32:34,910 - AEGIS-X.Classifier - INFO - 🎯 Confidence: 0.85
2025-10-01 13:32:34,910 - AEGIS-X.Classifier - INFO - 💭 Reasoning: Matched pattern: Wildcard domain
2025-10-01 13:32:34,910 - AEGIS-X.IntelligenceEngine - INFO - 🔍 Analyzing target intelligence: *.youngplatform.com
2025-10-01 13:32:35,552 - AEGIS-X.IntelligenceEngine - WARNING - Technology detection failed: [Errno -2] Name or service not known
2025-10-01 13:32:35,775 - AEGIS-X.IntelligenceEngine - INFO - ✅ Intelligence analysis completed - Confidence: 0.71
2025-10-01 13:32:35,775 - AEGIS-X.ProfessionalMaster - INFO - ✅ Target classified: *.youngplatform.com -> web
2025-10-01 13:32:35,775 - AEGIS-X.ProfessionalMaster - INFO - 🎯 Processing target 9: api.youngplatform.com
2025-10-01 13:32:35,775 - AEGIS-X.Classifier - INFO - 🔍 Classifying target: api.youngplatform.com
2025-10-01 13:32:35,775 - AEGIS-X.Classifier - INFO - 📝 Target classified as: WEB
2025-10-01 13:32:35,775 - AEGIS-X.Classifier - INFO - 🎯 Confidence: 0.80
2025-10-01 13:32:35,775 - AEGIS-X.Classifier - INFO - 💭 Reasoning: Matched pattern: Domain name
2025-10-01 13:32:35,775 - AEGIS-X.IntelligenceEngine - INFO - 🔍 Analyzing target intelligence: api.youngplatform.com
2025-10-01 13:32:36,564 - httpx - INFO - HTTP Request: GET https://api.youngplatform.com "HTTP/1.1 404 Not Found"
2025-10-01 13:32:36,730 - httpx - INFO - HTTP Request: GET https://api.youngplatform.com/robots.txt "HTTP/1.1 404 Not Found"
2025-10-01 13:32:36,886 - httpx - INFO - HTTP Request: GET https://api.youngplatform.com/sitemap.xml "HTTP/1.1 404 Not Found"
2025-10-01 13:32:38,047 - httpx - INFO - HTTP Request: GET https://api.youngplatform.com "HTTP/1.1 404 Not Found"
2025-10-01 13:32:38,272 - AEGIS-X.IntelligenceEngine - INFO - ✅ Intelligence analysis completed - Confidence: 1.00
2025-10-01 13:32:38,272 - AEGIS-X.ProfessionalMaster - INFO - ✅ Target classified: api.youngplatform.com -> web
2025-10-01 13:32:38,272 - AEGIS-X.ProfessionalMaster - INFO - 🎯 Processing target 10: app.youngplatform.com
2025-10-01 13:32:38,272 - AEGIS-X.Classifier - INFO - 🔍 Classifying target: app.youngplatform.com
2025-10-01 13:32:38,272 - AEGIS-X.Classifier - INFO - 📝 Target classified as: WEB
2025-10-01 13:32:38,272 - AEGIS-X.Classifier - INFO - 🎯 Confidence: 0.80
2025-10-01 13:32:38,272 - AEGIS-X.Classifier - INFO - 💭 Reasoning: Matched pattern: Domain name
2025-10-01 13:32:38,273 - AEGIS-X.IntelligenceEngine - INFO - 🔍 Analyzing target intelligence: app.youngplatform.com
2025-10-01 13:32:38,804 - AEGIS-X.IntelligenceEngine - WARNING - Technology detection failed: [Errno -2] Name or service not known
2025-10-01 13:32:39,033 - AEGIS-X.IntelligenceEngine - INFO - ✅ Intelligence analysis completed - Confidence: 0.71
2025-10-01 13:32:39,033 - AEGIS-X.ProfessionalMaster - INFO - ✅ Target classified: app.youngplatform.com -> web
2025-10-01 13:32:39,033 - AEGIS-X.ProfessionalMaster - INFO - 🎯 Processing target 11: admin.youngplatform.com
2025-10-01 13:32:39,033 - AEGIS-X.Classifier - INFO - 🔍 Classifying target: admin.youngplatform.com
2025-10-01 13:32:39,033 - AEGIS-X.Classifier - INFO - 📝 Target classified as: WEB
2025-10-01 13:32:39,033 - AEGIS-X.Classifier - INFO - 🎯 Confidence: 0.80
2025-10-01 13:32:39,033 - AEGIS-X.Classifier - INFO - 💭 Reasoning: Matched pattern: Domain name
2025-10-01 13:32:39,034 - AEGIS-X.IntelligenceEngine - INFO - 🔍 Analyzing target intelligence: admin.youngplatform.com
2025-10-01 13:32:39,617 - AEGIS-X.IntelligenceEngine - WARNING - Technology detection failed: [Errno -2] Name or service not known
2025-10-01 13:32:39,844 - AEGIS-X.IntelligenceEngine - INFO - ✅ Intelligence analysis completed - Confidence: 0.71
2025-10-01 13:32:39,845 - AEGIS-X.ProfessionalMaster - INFO - ✅ Target classified: admin.youngplatform.com -> web
2025-10-01 13:32:39,845 - AEGIS-X.ProfessionalMaster - INFO - 🎯 Processing target 12: staging.youngplatform.com
2025-10-01 13:32:39,845 - AEGIS-X.Classifier - INFO - 🔍 Classifying target: staging.youngplatform.com
2025-10-01 13:32:39,845 - AEGIS-X.Classifier - INFO - 📝 Target classified as: WEB
2025-10-01 13:32:39,845 - AEGIS-X.Classifier - INFO - 🎯 Confidence: 0.80
2025-10-01 13:32:39,845 - AEGIS-X.Classifier - INFO - 💭 Reasoning: Matched pattern: Domain name
2025-10-01 13:32:39,845 - AEGIS-X.IntelligenceEngine - INFO - 🔍 Analyzing target intelligence: staging.youngplatform.com
2025-10-01 13:32:40,366 - AEGIS-X.IntelligenceEngine - WARNING - Technology detection failed: [Errno -2] Name or service not known
2025-10-01 13:32:40,633 - AEGIS-X.IntelligenceEngine - INFO - ✅ Intelligence analysis completed - Confidence: 0.71
2025-10-01 13:32:40,633 - AEGIS-X.ProfessionalMaster - INFO - ✅ Target classified: staging.youngplatform.com -> web
2025-10-01 13:32:40,633 - AEGIS-X.ProfessionalMaster - INFO - 🎯 Processing target 13: dev.youngplatform.com
2025-10-01 13:32:40,633 - AEGIS-X.Classifier - INFO - 🔍 Classifying target: dev.youngplatform.com
2025-10-01 13:32:40,633 - AEGIS-X.Classifier - INFO - 📝 Target classified as: WEB
2025-10-01 13:32:40,633 - AEGIS-X.Classifier - INFO - 🎯 Confidence: 0.80
2025-10-01 13:32:40,633 - AEGIS-X.Classifier - INFO - 💭 Reasoning: Matched pattern: Domain name
2025-10-01 13:32:40,634 - AEGIS-X.IntelligenceEngine - INFO - 🔍 Analyzing target intelligence: dev.youngplatform.com
2025-10-01 13:32:41,238 - AEGIS-X.IntelligenceEngine - WARNING - Technology detection failed: [Errno -2] Name or service not known
2025-10-01 13:32:41,569 - AEGIS-X.IntelligenceEngine - INFO - ✅ Intelligence analysis completed - Confidence: 0.71
2025-10-01 13:32:41,569 - AEGIS-X.ProfessionalMaster - INFO - ✅ Target classified: dev.youngplatform.com -> web
2025-10-01 13:32:41,570 - AEGIS-X.ProfessionalMaster - INFO - 🔍 Phase 2: Professional Vulnerability Discovery
2025-10-01 13:32:41,570 - AEGIS-X.ProfessionalMaster - INFO - 🔍 Professional vulnerability discovery: youngplatform.com (web)
2025-10-01 13:32:41,570 - AEGIS-X.ProfessionalVulnEngine - INFO - 🔥 Starting comprehensive professional scan for: youngplatform.com
2025-10-01 13:32:41,570 - AEGIS-X.ProfessionalVulnEngine - INFO - 🕵️ Phase 1: Advanced Reconnaissance
2025-10-01 13:32:41,570 - AEGIS-X.ProfessionalVulnEngine - INFO - 🔧 Executing amass: amass enum -active -d youngplatform.com -o temp/scan_results/vuln_scan_1759325553/amass_1759325561.txt
2025-10-01 13:32:41,571 - AEGIS-X.ProfessionalVulnEngine - INFO - 🔧 Executing subfinder: subfinder -d youngplatform.com -all -recursive -o temp/scan_results/vuln_scan_1759325553/subfinder_1759325561.txt
2025-10-01 13:32:41,571 - AEGIS-X.ProfessionalVulnEngine - INFO - 🔧 Executing assetfinder: assetfinder --subs-only youngplatform.com | tee temp/scan_results/vuln_scan_1759325553/assetfinder_1759325561.txt
2025-10-01 13:32:41,572 - AEGIS-X.ProfessionalVulnEngine - INFO - 🔧 Executing findomain: findomain -t youngplatform.com -u temp/scan_results/vuln_scan_1759325553/findomain_1759325561.txt
2025-10-01 13:32:41,574 - AEGIS-X.ProfessionalVulnEngine - INFO - 🔍 Phase 2: Comprehensive Vulnerability Scanning
2025-10-01 13:32:41,574 - AEGIS-X.ProfessionalVulnEngine - INFO - 🔧 Executing nuclei: nuclei -u youngplatform.com -t /root/nuclei-templates/ -severity critical,high,medium -o temp/scan_results/vuln_scan_1759325553/nuclei_1759325561.txt
2025-10-01 13:32:41,575 - AEGIS-X.ProfessionalVulnEngine - INFO - 🔧 Executing nikto: nikto -h youngplatform.com -output temp/scan_results/vuln_scan_1759325553/nikto_1759325561.txt -Format json
2025-10-01 13:32:41,575 - AEGIS-X.ProfessionalVulnEngine - INFO - 🔧 Executing wapiti: wapiti -u youngplatform.com --scope domain -f json -o temp/scan_results/vuln_scan_1759325553
2025-10-01 13:32:41,577 - AEGIS-X.ProfessionalVulnEngine - INFO - 🔧 Executing sqlmap: sqlmap -u 'youngplatform.com' --batch --risk=3 --level=5 --random-agent --tamper=space2comment --output-dir=temp/scan_results/vuln_scan_1759325553
2025-10-01 13:32:41,577 - AEGIS-X.ProfessionalVulnEngine - INFO - 🔧 Executing xssstrike: python3 /opt/XSStrike/xssstrike.py -u youngplatform.com --crawl --blind --skip-dom
2025-10-01 13:32:41,578 - AEGIS-X.ProfessionalVulnEngine - INFO - 🔧 Executing dalfox: dalfox url youngplatform.com --deep-domxss --mining-dict --waf-evasion -o temp/scan_results/vuln_scan_1759325553/dalfox_1759325561.txt
2025-10-01 13:32:41,578 - AEGIS-X.ProfessionalVulnEngine - INFO - 🔧 Executing commix: python3 /opt/commix/commix.py --url='youngplatform.com' --batch --output-dir=temp/scan_results/vuln_scan_1759325553
2025-10-01 13:32:41,592 - AEGIS-X.ProfessionalVulnEngine - INFO - 📂 Phase 3: Content and Parameter Discovery
2025-10-01 13:32:41,592 - AEGIS-X.ProfessionalVulnEngine - INFO - 🔧 Executing gobuster: gobuster dir -u youngplatform.com -w /usr/share/wordlists/dirbuster/directory-list-2.3-medium.txt -x php,html,js,txt,xml,json -o temp/scan_results/vuln_scan_1759325553/gobuster_1759325561.txt
2025-10-01 13:32:41,593 - AEGIS-X.ProfessionalVulnEngine - INFO - 🔧 Executing ffuf: ffuf -u youngplatform.com/FUZZ -w /usr/share/wordlists/dirbuster/directory-list-2.3-medium.txt -mc 200,204,301,302,307,401,403 -o temp/scan_results/vuln_scan_1759325553/ffuf_1759325561.txt -of json
2025-10-01 13:32:41,593 - AEGIS-X.ProfessionalVulnEngine - INFO - 🔧 Executing feroxbuster: feroxbuster -u youngplatform.com -w /usr/share/wordlists/dirbuster/directory-list-2.3-medium.txt -x php,html,js,txt,xml,json -o temp/scan_results/vuln_scan_1759325553/feroxbuster_1759325561.txt
2025-10-01 13:32:41,595 - AEGIS-X.ProfessionalVulnEngine - INFO - 🔧 Executing arjun: arjun -u youngplatform.com -oJ temp/scan_results/vuln_scan_1759325553/arjun_1759325561.txt
2025-10-01 13:32:41,596 - AEGIS-X.ProfessionalVulnEngine - INFO - 🔧 Executing paramspider: python3 /opt/ParamSpider/paramspider.py -d youngplatform.com -o temp/scan_results/vuln_scan_1759325553/paramspider_1759325561.txt
2025-10-01 13:32:41,609 - AEGIS-X.ProfessionalVulnEngine - INFO - 🔬 Phase 4: JavaScript and API Analysis
2025-10-01 13:32:41,609 - AEGIS-X.ProfessionalVulnEngine - INFO - 🔧 Executing linkfinder: python3 /opt/LinkFinder/linkfinder.py -i youngplatform.com -o cli | tee temp/scan_results/vuln_scan_1759325553/linkfinder_1759325561.txt
2025-10-01 13:32:41,610 - AEGIS-X.ProfessionalVulnEngine - INFO - 🔧 Executing secretfinder: python3 /opt/SecretFinder/SecretFinder.py -i youngplatform.com -o cli | tee temp/scan_results/vuln_scan_1759325553/secretfinder_1759325561.txt
2025-10-01 13:32:41,623 - AEGIS-X.ProfessionalVulnEngine - INFO - 🔧 Executing kiterunner: kr scan youngplatform.com -w /opt/kiterunner/routes.kite -o temp/scan_results/vuln_scan_1759325553/kiterunner_1759325561.txt
2025-10-01 13:32:41,624 - AEGIS-X.ProfessionalVulnEngine - INFO - 💥 Phase 5: Advanced Exploitation Testing
2025-10-01 13:32:41,625 - AEGIS-X.ProfessionalVulnEngine - INFO - 🔗 Phase 6: Vulnerability Chaining Analysis
2025-10-01 13:32:41,625 - AEGIS-X.ProfessionalVulnEngine - INFO - ✅ Comprehensive scan completed - Found 0 total findings
2025-10-01 13:32:41,625 - AEGIS-X.ProfessionalMaster - INFO - ✅ Target youngplatform.com completed - 0 findings
2025-10-01 13:32:41,625 - AEGIS-X.ProfessionalMaster - INFO - 🔍 Professional vulnerability discovery: *.youngplatform.com (web)
2025-10-01 13:32:41,625 - AEGIS-X.ProfessionalVulnEngine - INFO - 🔥 Starting comprehensive professional scan for: *.youngplatform.com
2025-10-01 13:32:41,625 - AEGIS-X.ProfessionalVulnEngine - INFO - 🕵️ Phase 1: Advanced Reconnaissance
2025-10-01 13:32:41,625 - AEGIS-X.ProfessionalVulnEngine - INFO - 🔧 Executing amass: amass enum -active -d *.youngplatform.com -o temp/scan_results/vuln_scan_1759325553/amass_1759325561.txt
2025-10-01 13:32:41,625 - AEGIS-X.ProfessionalVulnEngine - INFO - 🔧 Executing subfinder: subfinder -d *.youngplatform.com -all -recursive -o temp/scan_results/vuln_scan_1759325553/subfinder_1759325561.txt
2025-10-01 13:32:41,626 - AEGIS-X.ProfessionalVulnEngine - INFO - 🔧 Executing assetfinder: assetfinder --subs-only *.youngplatform.com | tee temp/scan_results/vuln_scan_1759325553/assetfinder_1759325561.txt
2025-10-01 13:32:41,627 - AEGIS-X.ProfessionalVulnEngine - INFO - 🔧 Executing findomain: findomain -t *.youngplatform.com -u temp/scan_results/vuln_scan_1759325553/findomain_1759325561.txt
2025-10-01 13:32:41,629 - AEGIS-X.ProfessionalVulnEngine - INFO - 🔍 Phase 2: Comprehensive Vulnerability Scanning
2025-10-01 13:32:41,629 - AEGIS-X.ProfessionalVulnEngine - INFO - 🔧 Executing nuclei: nuclei -u *.youngplatform.com -t /root/nuclei-templates/ -severity critical,high,medium -o temp/scan_results/vuln_scan_1759325553/nuclei_1759325561.txt
2025-10-01 13:32:41,629 - AEGIS-X.ProfessionalVulnEngine - INFO - 🔧 Executing nikto: nikto -h *.youngplatform.com -output temp/scan_results/vuln_scan_1759325553/nikto_1759325561.txt -Format json
2025-10-01 13:32:41,630 - AEGIS-X.ProfessionalVulnEngine - INFO - 🔧 Executing wapiti: wapiti -u *.youngplatform.com --scope domain -f json -o temp/scan_results/vuln_scan_1759325553
2025-10-01 13:32:41,631 - AEGIS-X.ProfessionalVulnEngine - INFO - 🔧 Executing sqlmap: sqlmap -u '*.youngplatform.com' --batch --risk=3 --level=5 --random-agent --tamper=space2comment --output-dir=temp/scan_results/vuln_scan_1759325553
2025-10-01 13:32:41,632 - AEGIS-X.ProfessionalVulnEngine - INFO - 🔧 Executing xssstrike: python3 /opt/XSStrike/xssstrike.py -u *.youngplatform.com --crawl --blind --skip-dom
2025-10-01 13:32:41,632 - AEGIS-X.ProfessionalVulnEngine - INFO - 🔧 Executing dalfox: dalfox url *.youngplatform.com --deep-domxss --mining-dict --waf-evasion -o temp/scan_results/vuln_scan_1759325553/dalfox_1759325561.txt
2025-10-01 13:32:41,633 - AEGIS-X.ProfessionalVulnEngine - INFO - 🔧 Executing commix: python3 /opt/commix/commix.py --url='*.youngplatform.com' --batch --output-dir=temp/scan_results/vuln_scan_1759325553
2025-10-01 13:32:41,646 - AEGIS-X.ProfessionalVulnEngine - INFO - 📂 Phase 3: Content and Parameter Discovery
2025-10-01 13:32:41,646 - AEGIS-X.ProfessionalVulnEngine - INFO - 🔧 Executing gobuster: gobuster dir -u *.youngplatform.com -w /usr/share/wordlists/dirbuster/directory-list-2.3-medium.txt -x php,html,js,txt,xml,json -o temp/scan_results/vuln_scan_1759325553/gobuster_1759325561.txt
2025-10-01 13:32:41,646 - AEGIS-X.ProfessionalVulnEngine - INFO - 🔧 Executing ffuf: ffuf -u *.youngplatform.com/FUZZ -w /usr/share/wordlists/dirbuster/directory-list-2.3-medium.txt -mc 200,204,301,302,307,401,403 -o temp/scan_results/vuln_scan_1759325553/ffuf_1759325561.txt -of json
2025-10-01 13:32:41,647 - AEGIS-X.ProfessionalVulnEngine - INFO - 🔧 Executing feroxbuster: feroxbuster -u *.youngplatform.com -w /usr/share/wordlists/dirbuster/directory-list-2.3-medium.txt -x php,html,js,txt,xml,json -o temp/scan_results/vuln_scan_1759325553/feroxbuster_1759325561.txt
2025-10-01 13:32:41,648 - AEGIS-X.ProfessionalVulnEngine - INFO - 🔧 Executing arjun: arjun -u *.youngplatform.com -oJ temp/scan_results/vuln_scan_1759325553/arjun_1759325561.txt
2025-10-01 13:32:41,649 - AEGIS-X.ProfessionalVulnEngine - INFO - 🔧 Executing paramspider: python3 /opt/ParamSpider/paramspider.py -d *.youngplatform.com -o temp/scan_results/vuln_scan_1759325553/paramspider_1759325561.txt
2025-10-01 13:32:41,662 - AEGIS-X.ProfessionalVulnEngine - INFO - 🔬 Phase 4: JavaScript and API Analysis
2025-10-01 13:32:41,662 - AEGIS-X.ProfessionalVulnEngine - INFO - 🔧 Executing linkfinder: python3 /opt/LinkFinder/linkfinder.py -i *.youngplatform.com -o cli | tee temp/scan_results/vuln_scan_1759325553/linkfinder_1759325561.txt
2025-10-01 13:32:41,663 - AEGIS-X.ProfessionalVulnEngine - INFO - 🔧 Executing secretfinder: python3 /opt/SecretFinder/SecretFinder.py -i *.youngplatform.com -o cli | tee temp/scan_results/vuln_scan_1759325553/secretfinder_1759325561.txt
2025-10-01 13:32:41,676 - AEGIS-X.ProfessionalVulnEngine - INFO - 🔧 Executing kiterunner: kr scan *.youngplatform.com -w /opt/kiterunner/routes.kite -o temp/scan_results/vuln_scan_1759325553/kiterunner_1759325561.txt
2025-10-01 13:32:41,678 - AEGIS-X.ProfessionalVulnEngine - INFO - 💥 Phase 5: Advanced Exploitation Testing
2025-10-01 13:32:41,678 - AEGIS-X.ProfessionalVulnEngine - INFO - 🔗 Phase 6: Vulnerability Chaining Analysis
2025-10-01 13:32:41,678 - AEGIS-X.ProfessionalVulnEngine - INFO - ✅ Comprehensive scan completed - Found 0 total findings
2025-10-01 13:32:41,678 - AEGIS-X.ProfessionalMaster - INFO - ✅ Target *.youngplatform.com completed - 0 findings
2025-10-01 13:32:41,678 - AEGIS-X.ProfessionalMaster - INFO - 🔍 Professional vulnerability discovery: api.youngplatform.com (web)
2025-10-01 13:32:41,678 - AEGIS-X.ProfessionalVulnEngine - INFO - 🔥 Starting comprehensive professional scan for: api.youngplatform.com
2025-10-01 13:32:41,678 - AEGIS-X.ProfessionalVulnEngine - INFO - 🕵️ Phase 1: Advanced Reconnaissance
2025-10-01 13:32:41,678 - AEGIS-X.ProfessionalVulnEngine - INFO - 🔧 Executing amass: amass enum -active -d api.youngplatform.com -o temp/scan_results/vuln_scan_1759325553/amass_1759325561.txt
2025-10-01 13:32:41,679 - AEGIS-X.ProfessionalVulnEngine - INFO - 🔧 Executing subfinder: subfinder -d api.youngplatform.com -all -recursive -o temp/scan_results/vuln_scan_1759325553/subfinder_1759325561.txt
2025-10-01 13:32:41,679 - AEGIS-X.ProfessionalVulnEngine - INFO - 🔧 Executing assetfinder: assetfinder --subs-only api.youngplatform.com | tee temp/scan_results/vuln_scan_1759325553/assetfinder_1759325561.txt
2025-10-01 13:32:41,680 - AEGIS-X.ProfessionalVulnEngine - INFO - 🔧 Executing findomain: findomain -t api.youngplatform.com -u temp/scan_results/vuln_scan_1759325553/findomain_1759325561.txt
2025-10-01 13:32:41,682 - AEGIS-X.ProfessionalVulnEngine - INFO - 🔍 Phase 2: Comprehensive Vulnerability Scanning
2025-10-01 13:32:41,682 - AEGIS-X.ProfessionalVulnEngine - INFO - 🔧 Executing nuclei: nuclei -u api.youngplatform.com -t /root/nuclei-templates/ -severity critical,high,medium -o temp/scan_results/vuln_scan_1759325553/nuclei_1759325561.txt
2025-10-01 13:32:41,683 - AEGIS-X.ProfessionalVulnEngine - INFO - 🔧 Executing nikto: nikto -h api.youngplatform.com -output temp/scan_results/vuln_scan_1759325553/nikto_1759325561.txt -Format json
2025-10-01 13:32:41,683 - AEGIS-X.ProfessionalVulnEngine - INFO - 🔧 Executing wapiti: wapiti -u api.youngplatform.com --scope domain -f json -o temp/scan_results/vuln_scan_1759325553
2025-10-01 13:32:41,685 - AEGIS-X.ProfessionalVulnEngine - INFO - 🔧 Executing sqlmap: sqlmap -u 'api.youngplatform.com' --batch --risk=3 --level=5 --random-agent --tamper=space2comment --output-dir=temp/scan_results/vuln_scan_1759325553
2025-10-01 13:32:41,685 - AEGIS-X.ProfessionalVulnEngine - INFO - 🔧 Executing xssstrike: python3 /opt/XSStrike/xssstrike.py -u api.youngplatform.com --crawl --blind --skip-dom
2025-10-01 13:32:41,686 - AEGIS-X.ProfessionalVulnEngine - INFO - 🔧 Executing dalfox: dalfox url api.youngplatform.com --deep-domxss --mining-dict --waf-evasion -o temp/scan_results/vuln_scan_1759325553/dalfox_1759325561.txt
2025-10-01 13:32:41,686 - AEGIS-X.ProfessionalVulnEngine - INFO - 🔧 Executing commix: python3 /opt/commix/commix.py --url='api.youngplatform.com' --batch --output-dir=temp/scan_results/vuln_scan_1759325553
2025-10-01 13:32:41,699 - AEGIS-X.ProfessionalVulnEngine - INFO - 📂 Phase 3: Content and Parameter Discovery
2025-10-01 13:32:41,699 - AEGIS-X.ProfessionalVulnEngine - INFO - 🔧 Executing gobuster: gobuster dir -u api.youngplatform.com -w /usr/share/wordlists/dirbuster/directory-list-2.3-medium.txt -x php,html,js,txt,xml,json -o temp/scan_results/vuln_scan_1759325553/gobuster_1759325561.txt
2025-10-01 13:32:41,699 - AEGIS-X.ProfessionalVulnEngine - INFO - 🔧 Executing ffuf: ffuf -u api.youngplatform.com/FUZZ -w /usr/share/wordlists/dirbuster/directory-list-2.3-medium.txt -mc 200,204,301,302,307,401,403 -o temp/scan_results/vuln_scan_1759325553/ffuf_1759325561.txt -of json
2025-10-01 13:32:41,700 - AEGIS-X.ProfessionalVulnEngine - INFO - 🔧 Executing feroxbuster: feroxbuster -u api.youngplatform.com -w /usr/share/wordlists/dirbuster/directory-list-2.3-medium.txt -x php,html,js,txt,xml,json -o temp/scan_results/vuln_scan_1759325553/feroxbuster_1759325561.txt
2025-10-01 13:32:41,701 - AEGIS-X.ProfessionalVulnEngine - INFO - 🔧 Executing arjun: arjun -u api.youngplatform.com -oJ temp/scan_results/vuln_scan_1759325553/arjun_1759325561.txt
2025-10-01 13:32:41,702 - AEGIS-X.ProfessionalVulnEngine - INFO - 🔧 Executing paramspider: python3 /opt/ParamSpider/paramspider.py -d api.youngplatform.com -o temp/scan_results/vuln_scan_1759325553/paramspider_1759325561.txt
2025-10-01 13:32:41,714 - AEGIS-X.ProfessionalVulnEngine - INFO - 🔬 Phase 4: JavaScript and API Analysis
2025-10-01 13:32:41,714 - AEGIS-X.ProfessionalVulnEngine - INFO - 🔧 Executing linkfinder: python3 /opt/LinkFinder/linkfinder.py -i api.youngplatform.com -o cli | tee temp/scan_results/vuln_scan_1759325553/linkfinder_1759325561.txt
2025-10-01 13:32:41,715 - AEGIS-X.ProfessionalVulnEngine - INFO - 🔧 Executing secretfinder: python3 /opt/SecretFinder/SecretFinder.py -i api.youngplatform.com -o cli | tee temp/scan_results/vuln_scan_1759325553/secretfinder_1759325561.txt
2025-10-01 13:32:41,728 - AEGIS-X.ProfessionalVulnEngine - INFO - 🔧 Executing kiterunner: kr scan api.youngplatform.com -w /opt/kiterunner/routes.kite -o temp/scan_results/vuln_scan_1759325553/kiterunner_1759325561.txt
2025-10-01 13:32:41,730 - AEGIS-X.ProfessionalVulnEngine - INFO - 💥 Phase 5: Advanced Exploitation Testing
2025-10-01 13:32:41,730 - AEGIS-X.ProfessionalVulnEngine - INFO - 🔗 Phase 6: Vulnerability Chaining Analysis
2025-10-01 13:32:41,730 - AEGIS-X.ProfessionalVulnEngine - INFO - ✅ Comprehensive scan completed - Found 0 total findings
2025-10-01 13:32:41,730 - AEGIS-X.ProfessionalMaster - INFO - ✅ Target api.youngplatform.com completed - 0 findings
2025-10-01 13:32:41,730 - AEGIS-X.ProfessionalMaster - INFO - 🔍 Professional vulnerability discovery: app.youngplatform.com (web)
2025-10-01 13:32:41,730 - AEGIS-X.ProfessionalVulnEngine - INFO - 🔥 Starting comprehensive professional scan for: app.youngplatform.com
2025-10-01 13:32:41,730 - AEGIS-X.ProfessionalVulnEngine - INFO - 🕵️ Phase 1: Advanced Reconnaissance
2025-10-01 13:32:41,730 - AEGIS-X.ProfessionalVulnEngine - INFO - 🔧 Executing amass: amass enum -active -d app.youngplatform.com -o temp/scan_results/vuln_scan_1759325553/amass_1759325561.txt
2025-10-01 13:32:41,731 - AEGIS-X.ProfessionalVulnEngine - INFO - 🔧 Executing subfinder: subfinder -d app.youngplatform.com -all -recursive -o temp/scan_results/vuln_scan_1759325553/subfinder_1759325561.txt
2025-10-01 13:32:41,731 - AEGIS-X.ProfessionalVulnEngine - INFO - 🔧 Executing assetfinder: assetfinder --subs-only app.youngplatform.com | tee temp/scan_results/vuln_scan_1759325553/assetfinder_1759325561.txt
2025-10-01 13:32:41,732 - AEGIS-X.ProfessionalVulnEngine - INFO - 🔧 Executing findomain: findomain -t app.youngplatform.com -u temp/scan_results/vuln_scan_1759325553/findomain_1759325561.txt
2025-10-01 13:32:41,734 - AEGIS-X.ProfessionalVulnEngine - INFO - 🔍 Phase 2: Comprehensive Vulnerability Scanning
2025-10-01 13:32:41,734 - AEGIS-X.ProfessionalVulnEngine - INFO - 🔧 Executing nuclei: nuclei -u app.youngplatform.com -t /root/nuclei-templates/ -severity critical,high,medium -o temp/scan_results/vuln_scan_1759325553/nuclei_1759325561.txt
2025-10-01 13:32:41,734 - AEGIS-X.ProfessionalVulnEngine - INFO - 🔧 Executing nikto: nikto -h app.youngplatform.com -output temp/scan_results/vuln_scan_1759325553/nikto_1759325561.txt -Format json
2025-10-01 13:32:41,735 - AEGIS-X.ProfessionalVulnEngine - INFO - 🔧 Executing wapiti: wapiti -u app.youngplatform.com --scope domain -f json -o temp/scan_results/vuln_scan_1759325553
2025-10-01 13:32:41,736 - AEGIS-X.ProfessionalVulnEngine - INFO - 🔧 Executing sqlmap: sqlmap -u 'app.youngplatform.com' --batch --risk=3 --level=5 --random-agent --tamper=space2comment --output-dir=temp/scan_results/vuln_scan_1759325553
2025-10-01 13:32:41,737 - AEGIS-X.ProfessionalVulnEngine - INFO - 🔧 Executing xssstrike: python3 /opt/XSStrike/xssstrike.py -u app.youngplatform.com --crawl --blind --skip-dom
2025-10-01 13:32:41,737 - AEGIS-X.ProfessionalVulnEngine - INFO - 🔧 Executing dalfox: dalfox url app.youngplatform.com --deep-domxss --mining-dict --waf-evasion -o temp/scan_results/vuln_scan_1759325553/dalfox_1759325561.txt
2025-10-01 13:32:41,738 - AEGIS-X.ProfessionalVulnEngine - INFO - 🔧 Executing commix: python3 /opt/commix/commix.py --url='app.youngplatform.com' --batch --output-dir=temp/scan_results/vuln_scan_1759325553
2025-10-01 13:32:41,754 - AEGIS-X.ProfessionalVulnEngine - INFO - 📂 Phase 3: Content and Parameter Discovery
2025-10-01 13:32:41,754 - AEGIS-X.ProfessionalVulnEngine - INFO - 🔧 Executing gobuster: gobuster dir -u app.youngplatform.com -w /usr/share/wordlists/dirbuster/directory-list-2.3-medium.txt -x php,html,js,txt,xml,json -o temp/scan_results/vuln_scan_1759325553/gobuster_1759325561.txt
2025-10-01 13:32:41,754 - AEGIS-X.ProfessionalVulnEngine - INFO - 🔧 Executing ffuf: ffuf -u app.youngplatform.com/FUZZ -w /usr/share/wordlists/dirbuster/directory-list-2.3-medium.txt -mc 200,204,301,302,307,401,403 -o temp/scan_results/vuln_scan_1759325553/ffuf_1759325561.txt -of json
2025-10-01 13:32:41,755 - AEGIS-X.ProfessionalVulnEngine - INFO - 🔧 Executing feroxbuster: feroxbuster -u app.youngplatform.com -w /usr/share/wordlists/dirbuster/directory-list-2.3-medium.txt -x php,html,js,txt,xml,json -o temp/scan_results/vuln_scan_1759325553/feroxbuster_1759325561.txt
2025-10-01 13:32:41,757 - AEGIS-X.ProfessionalVulnEngine - INFO - 🔧 Executing arjun: arjun -u app.youngplatform.com -oJ temp/scan_results/vuln_scan_1759325553/arjun_1759325561.txt
2025-10-01 13:32:41,758 - AEGIS-X.ProfessionalVulnEngine - INFO - 🔧 Executing paramspider: python3 /opt/ParamSpider/paramspider.py -d app.youngplatform.com -o temp/scan_results/vuln_scan_1759325553/paramspider_1759325561.txt
2025-10-01 13:32:41,771 - AEGIS-X.ProfessionalVulnEngine - INFO - 🔬 Phase 4: JavaScript and API Analysis
2025-10-01 13:32:41,771 - AEGIS-X.ProfessionalVulnEngine - INFO - 🔧 Executing linkfinder: python3 /opt/LinkFinder/linkfinder.py -i app.youngplatform.com -o cli | tee temp/scan_results/vuln_scan_1759325553/linkfinder_1759325561.txt
2025-10-01 13:32:41,771 - AEGIS-X.ProfessionalVulnEngine - INFO - 🔧 Executing secretfinder: python3 /opt/SecretFinder/SecretFinder.py -i app.youngplatform.com -o cli | tee temp/scan_results/vuln_scan_1759325553/secretfinder_1759325561.txt
2025-10-01 13:32:41,787 - AEGIS-X.ProfessionalVulnEngine - INFO - 🔧 Executing kiterunner: kr scan app.youngplatform.com -w /opt/kiterunner/routes.kite -o temp/scan_results/vuln_scan_1759325553/kiterunner_1759325561.txt
2025-10-01 13:32:41,789 - AEGIS-X.ProfessionalVulnEngine - INFO - 💥 Phase 5: Advanced Exploitation Testing
2025-10-01 13:32:41,789 - AEGIS-X.ProfessionalVulnEngine - INFO - 🔗 Phase 6: Vulnerability Chaining Analysis
2025-10-01 13:32:41,789 - AEGIS-X.ProfessionalVulnEngine - INFO - ✅ Comprehensive scan completed - Found 0 total findings
2025-10-01 13:32:41,789 - AEGIS-X.ProfessionalMaster - INFO - ✅ Target app.youngplatform.com completed - 0 findings
2025-10-01 13:32:41,789 - AEGIS-X.ProfessionalMaster - INFO - 🔍 Professional vulnerability discovery: admin.youngplatform.com (web)
2025-10-01 13:32:41,789 - AEGIS-X.ProfessionalVulnEngine - INFO - 🔥 Starting comprehensive professional scan for: admin.youngplatform.com
2025-10-01 13:32:41,789 - AEGIS-X.ProfessionalVulnEngine - INFO - 🕵️ Phase 1: Advanced Reconnaissance
2025-10-01 13:32:41,789 - AEGIS-X.ProfessionalVulnEngine - INFO - 🔧 Executing amass: amass enum -active -d admin.youngplatform.com -o temp/scan_results/vuln_scan_1759325553/amass_1759325561.txt
2025-10-01 13:32:41,790 - AEGIS-X.ProfessionalVulnEngine - INFO - 🔧 Executing subfinder: subfinder -d admin.youngplatform.com -all -recursive -o temp/scan_results/vuln_scan_1759325553/subfinder_1759325561.txt
2025-10-01 13:32:41,791 - AEGIS-X.ProfessionalVulnEngine - INFO - 🔧 Executing assetfinder: assetfinder --subs-only admin.youngplatform.com | tee temp/scan_results/vuln_scan_1759325553/assetfinder_1759325561.txt
2025-10-01 13:32:41,791 - AEGIS-X.ProfessionalVulnEngine - INFO - 🔧 Executing findomain: findomain -t admin.youngplatform.com -u temp/scan_results/vuln_scan_1759325553/findomain_1759325561.txt
2025-10-01 13:32:41,794 - AEGIS-X.ProfessionalVulnEngine - INFO - 🔍 Phase 2: Comprehensive Vulnerability Scanning
2025-10-01 13:32:41,794 - AEGIS-X.ProfessionalVulnEngine - INFO - 🔧 Executing nuclei: nuclei -u admin.youngplatform.com -t /root/nuclei-templates/ -severity critical,high,medium -o temp/scan_results/vuln_scan_1759325553/nuclei_1759325561.txt
2025-10-01 13:32:41,795 - AEGIS-X.ProfessionalVulnEngine - INFO - 🔧 Executing nikto: nikto -h admin.youngplatform.com -output temp/scan_results/vuln_scan_1759325553/nikto_1759325561.txt -Format json
2025-10-01 13:32:41,796 - AEGIS-X.ProfessionalVulnEngine - INFO - 🔧 Executing wapiti: wapiti -u admin.youngplatform.com --scope domain -f json -o temp/scan_results/vuln_scan_1759325553
2025-10-01 13:32:41,798 - AEGIS-X.ProfessionalVulnEngine - INFO - 🔧 Executing sqlmap: sqlmap -u 'admin.youngplatform.com' --batch --risk=3 --level=5 --random-agent --tamper=space2comment --output-dir=temp/scan_results/vuln_scan_1759325553
2025-10-01 13:32:41,798 - AEGIS-X.ProfessionalVulnEngine - INFO - 🔧 Executing xssstrike: python3 /opt/XSStrike/xssstrike.py -u admin.youngplatform.com --crawl --blind --skip-dom
2025-10-01 13:32:41,799 - AEGIS-X.ProfessionalVulnEngine - INFO - 🔧 Executing dalfox: dalfox url admin.youngplatform.com --deep-domxss --mining-dict --waf-evasion -o temp/scan_results/vuln_scan_1759325553/dalfox_1759325561.txt
2025-10-01 13:32:41,799 - AEGIS-X.ProfessionalVulnEngine - INFO - 🔧 Executing commix: python3 /opt/commix/commix.py --url='admin.youngplatform.com' --batch --output-dir=temp/scan_results/vuln_scan_1759325553
2025-10-01 13:32:41,813 - AEGIS-X.ProfessionalVulnEngine - INFO - 📂 Phase 3: Content and Parameter Discovery
2025-10-01 13:32:41,813 - AEGIS-X.ProfessionalVulnEngine - INFO - 🔧 Executing gobuster: gobuster dir -u admin.youngplatform.com -w /usr/share/wordlists/dirbuster/directory-list-2.3-medium.txt -x php,html,js,txt,xml,json -o temp/scan_results/vuln_scan_1759325553/gobuster_1759325561.txt
2025-10-01 13:32:41,814 - AEGIS-X.ProfessionalVulnEngine - INFO - 🔧 Executing ffuf: ffuf -u admin.youngplatform.com/FUZZ -w /usr/share/wordlists/dirbuster/directory-list-2.3-medium.txt -mc 200,204,301,302,307,401,403 -o temp/scan_results/vuln_scan_1759325553/ffuf_1759325561.txt -of json
2025-10-01 13:32:41,815 - AEGIS-X.ProfessionalVulnEngine - INFO - 🔧 Executing feroxbuster: feroxbuster -u admin.youngplatform.com -w /usr/share/wordlists/dirbuster/directory-list-2.3-medium.txt -x php,html,js,txt,xml,json -o temp/scan_results/vuln_scan_1759325553/feroxbuster_1759325561.txt
2025-10-01 13:32:41,816 - AEGIS-X.ProfessionalVulnEngine - INFO - 🔧 Executing arjun: arjun -u admin.youngplatform.com -oJ temp/scan_results/vuln_scan_1759325553/arjun_1759325561.txt
2025-10-01 13:32:41,816 - AEGIS-X.ProfessionalVulnEngine - INFO - 🔧 Executing paramspider: python3 /opt/ParamSpider/paramspider.py -d admin.youngplatform.com -o temp/scan_results/vuln_scan_1759325553/paramspider_1759325561.txt
2025-10-01 13:32:41,829 - AEGIS-X.ProfessionalVulnEngine - INFO - 🔬 Phase 4: JavaScript and API Analysis
2025-10-01 13:32:41,829 - AEGIS-X.ProfessionalVulnEngine - INFO - 🔧 Executing linkfinder: python3 /opt/LinkFinder/linkfinder.py -i admin.youngplatform.com -o cli | tee temp/scan_results/vuln_scan_1759325553/linkfinder_1759325561.txt
2025-10-01 13:32:41,830 - AEGIS-X.ProfessionalVulnEngine - INFO - 🔧 Executing secretfinder: python3 /opt/SecretFinder/SecretFinder.py -i admin.youngplatform.com -o cli | tee temp/scan_results/vuln_scan_1759325553/secretfinder_1759325561.txt
2025-10-01 13:32:41,843 - AEGIS-X.ProfessionalVulnEngine - INFO - 🔧 Executing kiterunner: kr scan admin.youngplatform.com -w /opt/kiterunner/routes.kite -o temp/scan_results/vuln_scan_1759325553/kiterunner_1759325561.txt
2025-10-01 13:32:41,844 - AEGIS-X.ProfessionalVulnEngine - INFO - 💥 Phase 5: Advanced Exploitation Testing
2025-10-01 13:32:41,844 - AEGIS-X.ProfessionalVulnEngine - INFO - 🔗 Phase 6: Vulnerability Chaining Analysis
2025-10-01 13:32:41,844 - AEGIS-X.ProfessionalVulnEngine - INFO - ✅ Comprehensive scan completed - Found 0 total findings
2025-10-01 13:32:41,844 - AEGIS-X.ProfessionalMaster - INFO - ✅ Target admin.youngplatform.com completed - 0 findings
2025-10-01 13:32:41,844 - AEGIS-X.ProfessionalMaster - INFO - 🔍 Professional vulnerability discovery: staging.youngplatform.com (web)
2025-10-01 13:32:41,844 - AEGIS-X.ProfessionalVulnEngine - INFO - 🔥 Starting comprehensive professional scan for: staging.youngplatform.com
2025-10-01 13:32:41,844 - AEGIS-X.ProfessionalVulnEngine - INFO - 🕵️ Phase 1: Advanced Reconnaissance
2025-10-01 13:32:41,844 - AEGIS-X.ProfessionalVulnEngine - INFO - 🔧 Executing amass: amass enum -active -d staging.youngplatform.com -o temp/scan_results/vuln_scan_1759325553/amass_1759325561.txt
2025-10-01 13:32:41,845 - AEGIS-X.ProfessionalVulnEngine - INFO - 🔧 Executing subfinder: subfinder -d staging.youngplatform.com -all -recursive -o temp/scan_results/vuln_scan_1759325553/subfinder_1759325561.txt
2025-10-01 13:32:41,845 - AEGIS-X.ProfessionalVulnEngine - INFO - 🔧 Executing assetfinder: assetfinder --subs-only staging.youngplatform.com | tee temp/scan_results/vuln_scan_1759325553/assetfinder_1759325561.txt
2025-10-01 13:32:41,846 - AEGIS-X.ProfessionalVulnEngine - INFO - 🔧 Executing findomain: findomain -t staging.youngplatform.com -u temp/scan_results/vuln_scan_1759325553/findomain_1759325561.txt
2025-10-01 13:32:41,848 - AEGIS-X.ProfessionalVulnEngine - INFO - 🔍 Phase 2: Comprehensive Vulnerability Scanning
2025-10-01 13:32:41,848 - AEGIS-X.ProfessionalVulnEngine - INFO - 🔧 Executing nuclei: nuclei -u staging.youngplatform.com -t /root/nuclei-templates/ -severity critical,high,medium -o temp/scan_results/vuln_scan_1759325553/nuclei_1759325561.txt
2025-10-01 13:32:41,849 - AEGIS-X.ProfessionalVulnEngine - INFO - 🔧 Executing nikto: nikto -h staging.youngplatform.com -output temp/scan_results/vuln_scan_1759325553/nikto_1759325561.txt -Format json
2025-10-01 13:32:41,849 - AEGIS-X.ProfessionalVulnEngine - INFO - 🔧 Executing wapiti: wapiti -u staging.youngplatform.com --scope domain -f json -o temp/scan_results/vuln_scan_1759325553
2025-10-01 13:32:41,851 - AEGIS-X.ProfessionalVulnEngine - INFO - 🔧 Executing sqlmap: sqlmap -u 'staging.youngplatform.com' --batch --risk=3 --level=5 --random-agent --tamper=space2comment --output-dir=temp/scan_results/vuln_scan_1759325553
2025-10-01 13:32:41,851 - AEGIS-X.ProfessionalVulnEngine - INFO - 🔧 Executing xssstrike: python3 /opt/XSStrike/xssstrike.py -u staging.youngplatform.com --crawl --blind --skip-dom
2025-10-01 13:32:41,852 - AEGIS-X.ProfessionalVulnEngine - INFO - 🔧 Executing dalfox: dalfox url staging.youngplatform.com --deep-domxss --mining-dict --waf-evasion -o temp/scan_results/vuln_scan_1759325553/dalfox_1759325561.txt
2025-10-01 13:32:41,852 - AEGIS-X.ProfessionalVulnEngine - INFO - 🔧 Executing commix: python3 /opt/commix/commix.py --url='staging.youngplatform.com' --batch --output-dir=temp/scan_results/vuln_scan_1759325553
2025-10-01 13:32:41,868 - AEGIS-X.ProfessionalVulnEngine - INFO - 📂 Phase 3: Content and Parameter Discovery
2025-10-01 13:32:41,868 - AEGIS-X.ProfessionalVulnEngine - INFO - 🔧 Executing gobuster: gobuster dir -u staging.youngplatform.com -w /usr/share/wordlists/dirbuster/directory-list-2.3-medium.txt -x php,html,js,txt,xml,json -o temp/scan_results/vuln_scan_1759325553/gobuster_1759325561.txt
2025-10-01 13:32:41,869 - AEGIS-X.ProfessionalVulnEngine - INFO - 🔧 Executing ffuf: ffuf -u staging.youngplatform.com/FUZZ -w /usr/share/wordlists/dirbuster/directory-list-2.3-medium.txt -mc 200,204,301,302,307,401,403 -o temp/scan_results/vuln_scan_1759325553/ffuf_1759325561.txt -of json
2025-10-01 13:32:41,869 - AEGIS-X.ProfessionalVulnEngine - INFO - 🔧 Executing feroxbuster: feroxbuster -u staging.youngplatform.com -w /usr/share/wordlists/dirbuster/directory-list-2.3-medium.txt -x php,html,js,txt,xml,json -o temp/scan_results/vuln_scan_1759325553/feroxbuster_1759325561.txt
2025-10-01 13:32:41,870 - AEGIS-X.ProfessionalVulnEngine - INFO - 🔧 Executing arjun: arjun -u staging.youngplatform.com -oJ temp/scan_results/vuln_scan_1759325553/arjun_1759325561.txt
2025-10-01 13:32:41,871 - AEGIS-X.ProfessionalVulnEngine - INFO - 🔧 Executing paramspider: python3 /opt/ParamSpider/paramspider.py -d staging.youngplatform.com -o temp/scan_results/vuln_scan_1759325553/paramspider_1759325561.txt
2025-10-01 13:32:41,884 - AEGIS-X.ProfessionalVulnEngine - INFO - 🔬 Phase 4: JavaScript and API Analysis
2025-10-01 13:32:41,884 - AEGIS-X.ProfessionalVulnEngine - INFO - 🔧 Executing linkfinder: python3 /opt/LinkFinder/linkfinder.py -i staging.youngplatform.com -o cli | tee temp/scan_results/vuln_scan_1759325553/linkfinder_1759325561.txt
2025-10-01 13:32:41,884 - AEGIS-X.ProfessionalVulnEngine - INFO - 🔧 Executing secretfinder: python3 /opt/SecretFinder/SecretFinder.py -i staging.youngplatform.com -o cli | tee temp/scan_results/vuln_scan_1759325553/secretfinder_1759325561.txt
2025-10-01 13:32:41,898 - AEGIS-X.ProfessionalVulnEngine - INFO - 🔧 Executing kiterunner: kr scan staging.youngplatform.com -w /opt/kiterunner/routes.kite -o temp/scan_results/vuln_scan_1759325553/kiterunner_1759325561.txt
2025-10-01 13:32:41,899 - AEGIS-X.ProfessionalVulnEngine - INFO - 💥 Phase 5: Advanced Exploitation Testing
2025-10-01 13:32:41,899 - AEGIS-X.ProfessionalVulnEngine - INFO - 🔗 Phase 6: Vulnerability Chaining Analysis
2025-10-01 13:32:41,899 - AEGIS-X.ProfessionalVulnEngine - INFO - ✅ Comprehensive scan completed - Found 0 total findings
2025-10-01 13:32:41,899 - AEGIS-X.ProfessionalMaster - INFO - ✅ Target staging.youngplatform.com completed - 0 findings
2025-10-01 13:32:41,899 - AEGIS-X.ProfessionalMaster - INFO - 🔍 Professional vulnerability discovery: dev.youngplatform.com (web)
2025-10-01 13:32:41,899 - AEGIS-X.ProfessionalVulnEngine - INFO - 🔥 Starting comprehensive professional scan for: dev.youngplatform.com
2025-10-01 13:32:41,899 - AEGIS-X.ProfessionalVulnEngine - INFO - 🕵️ Phase 1: Advanced Reconnaissance
2025-10-01 13:32:41,899 - AEGIS-X.ProfessionalVulnEngine - INFO - 🔧 Executing amass: amass enum -active -d dev.youngplatform.com -o temp/scan_results/vuln_scan_1759325553/amass_1759325561.txt
2025-10-01 13:32:41,900 - AEGIS-X.ProfessionalVulnEngine - INFO - 🔧 Executing subfinder: subfinder -d dev.youngplatform.com -all -recursive -o temp/scan_results/vuln_scan_1759325553/subfinder_1759325561.txt
2025-10-01 13:32:41,900 - AEGIS-X.ProfessionalVulnEngine - INFO - 🔧 Executing assetfinder: assetfinder --subs-only dev.youngplatform.com | tee temp/scan_results/vuln_scan_1759325553/assetfinder_1759325561.txt
2025-10-01 13:32:41,901 - AEGIS-X.ProfessionalVulnEngine - INFO - 🔧 Executing findomain: findomain -t dev.youngplatform.com -u temp/scan_results/vuln_scan_1759325553/findomain_1759325561.txt
2025-10-01 13:32:41,903 - AEGIS-X.ProfessionalVulnEngine - INFO - 🔍 Phase 2: Comprehensive Vulnerability Scanning
2025-10-01 13:32:41,903 - AEGIS-X.ProfessionalVulnEngine - INFO - 🔧 Executing nuclei: nuclei -u dev.youngplatform.com -t /root/nuclei-templates/ -severity critical,high,medium -o temp/scan_results/vuln_scan_1759325553/nuclei_1759325561.txt
2025-10-01 13:32:41,904 - AEGIS-X.ProfessionalVulnEngine - INFO - 🔧 Executing nikto: nikto -h dev.youngplatform.com -output temp/scan_results/vuln_scan_1759325553/nikto_1759325561.txt -Format json
2025-10-01 13:32:41,904 - AEGIS-X.ProfessionalVulnEngine - INFO - 🔧 Executing wapiti: wapiti -u dev.youngplatform.com --scope domain -f json -o temp/scan_results/vuln_scan_1759325553
2025-10-01 13:32:41,905 - AEGIS-X.ProfessionalVulnEngine - INFO - 🔧 Executing sqlmap: sqlmap -u 'dev.youngplatform.com' --batch --risk=3 --level=5 --random-agent --tamper=space2comment --output-dir=temp/scan_results/vuln_scan_1759325553
2025-10-01 13:32:41,906 - AEGIS-X.ProfessionalVulnEngine - INFO - 🔧 Executing xssstrike: python3 /opt/XSStrike/xssstrike.py -u dev.youngplatform.com --crawl --blind --skip-dom
2025-10-01 13:32:41,906 - AEGIS-X.ProfessionalVulnEngine - INFO - 🔧 Executing dalfox: dalfox url dev.youngplatform.com --deep-domxss --mining-dict --waf-evasion -o temp/scan_results/vuln_scan_1759325553/dalfox_1759325561.txt
2025-10-01 13:32:41,907 - AEGIS-X.ProfessionalVulnEngine - INFO - 🔧 Executing commix: python3 /opt/commix/commix.py --url='dev.youngplatform.com' --batch --output-dir=temp/scan_results/vuln_scan_1759325553
2025-10-01 13:32:41,923 - AEGIS-X.ProfessionalVulnEngine - INFO - 📂 Phase 3: Content and Parameter Discovery
2025-10-01 13:32:41,923 - AEGIS-X.ProfessionalVulnEngine - INFO - 🔧 Executing gobuster: gobuster dir -u dev.youngplatform.com -w /usr/share/wordlists/dirbuster/directory-list-2.3-medium.txt -x php,html,js,txt,xml,json -o temp/scan_results/vuln_scan_1759325553/gobuster_1759325561.txt
2025-10-01 13:32:41,923 - AEGIS-X.ProfessionalVulnEngine - INFO - 🔧 Executing ffuf: ffuf -u dev.youngplatform.com/FUZZ -w /usr/share/wordlists/dirbuster/directory-list-2.3-medium.txt -mc 200,204,301,302,307,401,403 -o temp/scan_results/vuln_scan_1759325553/ffuf_1759325561.txt -of json
2025-10-01 13:32:41,924 - AEGIS-X.ProfessionalVulnEngine - INFO - 🔧 Executing feroxbuster: feroxbuster -u dev.youngplatform.com -w /usr/share/wordlists/dirbuster/directory-list-2.3-medium.txt -x php,html,js,txt,xml,json -o temp/scan_results/vuln_scan_1759325553/feroxbuster_1759325561.txt
2025-10-01 13:32:41,925 - AEGIS-X.ProfessionalVulnEngine - INFO - 🔧 Executing arjun: arjun -u dev.youngplatform.com -oJ temp/scan_results/vuln_scan_1759325553/arjun_1759325561.txt
2025-10-01 13:32:41,926 - AEGIS-X.ProfessionalVulnEngine - INFO - 🔧 Executing paramspider: python3 /opt/ParamSpider/paramspider.py -d dev.youngplatform.com -o temp/scan_results/vuln_scan_1759325553/paramspider_1759325561.txt
2025-10-01 13:32:41,939 - AEGIS-X.ProfessionalVulnEngine - INFO - 🔬 Phase 4: JavaScript and API Analysis
2025-10-01 13:32:41,939 - AEGIS-X.ProfessionalVulnEngine - INFO - 🔧 Executing linkfinder: python3 /opt/LinkFinder/linkfinder.py -i dev.youngplatform.com -o cli | tee temp/scan_results/vuln_scan_1759325553/linkfinder_1759325561.txt
2025-10-01 13:32:41,939 - AEGIS-X.ProfessionalVulnEngine - INFO - 🔧 Executing secretfinder: python3 /opt/SecretFinder/SecretFinder.py -i dev.youngplatform.com -o cli | tee temp/scan_results/vuln_scan_1759325553/secretfinder_1759325561.txt
2025-10-01 13:32:41,952 - AEGIS-X.ProfessionalVulnEngine - INFO - 🔧 Executing kiterunner: kr scan dev.youngplatform.com -w /opt/kiterunner/routes.kite -o temp/scan_results/vuln_scan_1759325553/kiterunner_1759325561.txt
2025-10-01 13:32:41,954 - AEGIS-X.ProfessionalVulnEngine - INFO - 💥 Phase 5: Advanced Exploitation Testing
2025-10-01 13:32:41,954 - AEGIS-X.ProfessionalVulnEngine - INFO - 🔗 Phase 6: Vulnerability Chaining Analysis
2025-10-01 13:32:41,954 - AEGIS-X.ProfessionalVulnEngine - INFO - ✅ Comprehensive scan completed - Found 0 total findings
2025-10-01 13:32:41,954 - AEGIS-X.ProfessionalMaster - INFO - ✅ Target dev.youngplatform.com completed - 0 findings
2025-10-01 13:32:41,954 - AEGIS-X.ProfessionalMaster - INFO - 🔬 Phase 3: Advanced Verification System
2025-10-01 13:32:41,954 - AEGIS-X.ProfessionalMaster - INFO - 📸 Phase 4: Professional Evidence Collection
2025-10-01 13:32:41,954 - AEGIS-X.ProfessionalMaster - INFO - 📝 Phase 5: Professional Report Generation
2025-10-01 13:32:41,954 - AEGIS-X.ProfessionalMaster - INFO - 📊 Phase 6: Quality Assessment and Learning
2025-10-01 13:32:41,954 - AEGIS-X.ProfessionalMaster - ERROR - Professional hunt failed: 'LearningEngine' object has no attribute 'learn_from_session'
